// Jest Snapshot v1, https://goo.gl/fbAQLP

exports[`looks the same 1`] = `"<div><h4>Eksisterende brukere</h4><ul><li><p>Testmann TestPrivatMeldingson, jeg@finnes.ikke</p></li><li><p>Sander Ulset, sander.ulset@verisure.no</p></li></ul></div>"`;
